/Volumes/Extreme-Pro/Nextjs-Projects/cloudigniter/cloudigniter3/node_modules/.pnpm/@typescript+vfs@1.3.6/node_modules/@typescript/vfs/src/index.ts:15
const shouldDebug = (hasLocalStorage && localStorage.getItem("DEBUG")) || (hasProcess && process.env.DEBUG)
                                                     ^

TypeError: localStorage.getItem is not a function
    at Object.<anonymous> (/Volumes/Extreme-Pro/Nextjs-Projects/cloudigniter/cloudigniter3/node_modules/.pnpm/@typescript+vfs@1.3.6/node_modules/@typescript/vfs/src/index.ts:15:54)
    at Module._compile (node:internal/modules/cjs/loader:1803:14)
    at Module._extensions..js (node:internal/modules/cjs/loader:1934:10)
    at Module.load (node:internal/modules/cjs/loader:1524:32)
    at Module._load (node:internal/modules/cjs/loader:1326:12)
    at TracingChannel.traceSync (node:diagnostics_channel:328:14)
    at wrapModuleLoad (node:internal/modules/cjs/loader:245:24)
    at Module.require (node:internal/modules/cjs/loader:1547:12)
    at require (node:internal/modules/helpers:152:16)
    at Object.<anonymous> (/Volumes/Extreme-Pro/Nextjs-Projects/cloudigniter/cloudigniter3/node_modules/.pnpm/@typescript+vfs@1.3.6/node_modules/@typescript/vfs/dist/index.js:7:20)
Thrown at:
    at /Volumes/Extreme-Pro/Nextjs-Projects/cloudigniter/cloudigniter3/node_modules/.pnpm/@typescript+vfs@1.3.6/node_modules/@typescript/vfs/dist/vfs.cjs.development.js:30:64
    at Module._compile (node:internal/modules/cjs/loader:1803:14)
    at Module._extensions..js (node:internal/modules/cjs/loader:1934:10)
    at Module.load (node:internal/modules/cjs/loader:1524:32)
    at Module._load (node:internal/modules/cjs/loader:1326:12)
    at traceSync (node:diagnostics_channel:328:14)
    at wrapModuleLoad (node:internal/modules/cjs/loader:245:24)
    at Module.require (node:internal/modules/cjs/loader:1547:12)
    at require (node:internal/modules/helpers:152:16)
    at /Volumes/Extreme-Pro/Nextjs-Projects/cloudigniter/cloudigniter3/node_modules/.pnpm/@typescript+vfs@1.3.6/node_modules/@typescript/vfs/dist/index.js:7:20


Node.js v25.4.0
